ImportExport\entity\TypeOfCommodity.class
ImportExport\entity\ImportExport$ImportExportBuilder.class
ImportExport\entity\DetailsImportExport$DetailsImportExportBuilder.class
ImportExport\repository\DetailsImportExportRepository.class
ImportExport\entity\DetailsImportExport.class
ImportExport\Application.class
ImportExport\controller\DetailsImportExportController.class
ImportExport\entity\TypeOfCommodity$TypeOfCommodityBuilder.class
ImportExport\service\DetailsImportExportService.class
ImportExport\service\DocumentService.class
ImportExport\repository\TypeOfCommodityRepository.class
ImportExport\entity\Commodity$CommodityBuilder.class
ImportExport\entity\Document$DocumentBuilder.class
ImportExport\repository\DocumentRepository.class
ImportExport\dto\CommodityDTO.class
ImportExport\controller\TypeOfCommodityController.class
ImportExport\controller\DocumentController.class
ImportExport\entity\ImportExport.class
ImportExport\service\TypeOfCommodityService.class
ImportExport\entity\Commodity.class
ImportExport\entity\Document.class
ImportExport\repository\ImportExportRepository.class
