C:\Users\intern.ptnghia\Desktop\Project\quanlyxuatnhapkhau\src\main\java\ImportExport\controller\DocumentController.java
C:\Users\intern.ptnghia\Desktop\Project\quanlyxuatnhapkhau\src\main\java\ImportExport\repository\DetailsImportExportRepository.java
C:\Users\intern.ptnghia\Desktop\Project\quanlyxuatnhapkhau\src\main\java\ImportExport\Application.java
C:\Users\intern.ptnghia\Desktop\Project\quanlyxuatnhapkhau\src\main\java\ImportExport\entity\DetailsImportExport.java
C:\Users\intern.ptnghia\Desktop\Project\quanlyxuatnhapkhau\src\main\java\ImportExport\repository\CommodityRepository.java
C:\Users\intern.ptnghia\Desktop\Project\quanlyxuatnhapkhau\src\main\java\ImportExport\dto\CommodityCreationDTO.java
C:\Users\intern.ptnghia\Desktop\Project\quanlyxuatnhapkhau\src\main\java\ImportExport\controller\CommodityController.java
C:\Users\intern.ptnghia\Desktop\Project\quanlyxuatnhapkhau\src\main\java\ImportExport\repository\DocumentRepository.java
C:\Users\intern.ptnghia\Desktop\Project\quanlyxuatnhapkhau\src\main\java\ImportExport\controller\TypeOfCommodityController.java
C:\Users\intern.ptnghia\Desktop\Project\quanlyxuatnhapkhau\src\main\java\ImportExport\service\DetailsImportExportService.java
C:\Users\intern.ptnghia\Desktop\Project\quanlyxuatnhapkhau\src\main\java\ImportExport\service\ImportExportService.java
C:\Users\intern.ptnghia\Desktop\Project\quanlyxuatnhapkhau\src\main\java\ImportExport\entity\TypeOfCommodity.java
C:\Users\intern.ptnghia\Desktop\Project\quanlyxuatnhapkhau\src\main\java\ImportExport\controller\ImportExportController.java
C:\Users\intern.ptnghia\Desktop\Project\quanlyxuatnhapkhau\src\main\java\ImportExport\dto\DetailsImportExportDTO.java
C:\Users\intern.ptnghia\Desktop\Project\quanlyxuatnhapkhau\src\main\java\ImportExport\controller\DetailsImportExportController.java
C:\Users\intern.ptnghia\Desktop\Project\quanlyxuatnhapkhau\src\main\java\ImportExport\entity\ImportExport.java
C:\Users\intern.ptnghia\Desktop\Project\quanlyxuatnhapkhau\src\main\java\ImportExport\repository\TypeOfCommodityRepository.java
C:\Users\intern.ptnghia\Desktop\Project\quanlyxuatnhapkhau\src\main\java\ImportExport\service\DocumentService.java
C:\Users\intern.ptnghia\Desktop\Project\quanlyxuatnhapkhau\src\main\java\ImportExport\service\TypeOfCommodityService.java
C:\Users\intern.ptnghia\Desktop\Project\quanlyxuatnhapkhau\src\main\java\ImportExport\entity\Commodity.java
C:\Users\intern.ptnghia\Desktop\Project\quanlyxuatnhapkhau\src\main\java\ImportExport\mapper\DetailsImportExportMapper.java
C:\Users\intern.ptnghia\Desktop\Project\quanlyxuatnhapkhau\src\main\java\ImportExport\dto\CommodityDTO.java
C:\Users\intern.ptnghia\Desktop\Project\quanlyxuatnhapkhau\src\main\java\ImportExport\mapper\CommodityMapper.java
C:\Users\intern.ptnghia\Desktop\Project\quanlyxuatnhapkhau\src\main\java\ImportExport\entity\Document.java
C:\Users\intern.ptnghia\Desktop\Project\quanlyxuatnhapkhau\src\main\java\ImportExport\service\CommodityService.java
C:\Users\intern.ptnghia\Desktop\Project\quanlyxuatnhapkhau\src\main\java\ImportExport\repository\ImportExportRepository.java
